'TeamMemberContactViewSet' should either include a `serializer_class` attribute, or override the `get_serializer_class()` method.
Traceback (most recent call last):
  File "C:\Users\musha\Downloads\snap-suite-wedding-flow-main\snap-suite-wedding-flow-main\backend\api\views.py", line 188, in list
    return super().list(request, *args, **kwargs)
           ~~~~~~~~~~~~^^^^^^^^^^^^^^^^^^^^^^^^^^
  File "C:\Users\musha\Downloads\snap-suite-wedding-flow-main\snap-suite-wedding-flow-main\backend\.venv\Lib\site-packages\rest_framework\mixins.py", line 45, in list
    serializer = self.get_serializer(queryset, many=True)
  File "C:\Users\musha\Downloads\snap-suite-wedding-flow-main\snap-suite-wedding-flow-main\backend\.venv\Lib\site-packages\rest_framework\generics.py", line 112, in get_serializer
    serializer_class = self.get_serializer_class()
  File "C:\Users\musha\Downloads\snap-suite-wedding-flow-main\snap-suite-wedding-flow-main\backend\.venv\Lib\site-packages\rest_framework\generics.py", line 126, in get_serializer_class
    assert self.serializer_class is not None, (
           ^^^^^^^^^^^^^^^^^^^^^^^^^^^^^^^^^
AssertionError: 'TeamMemberContactViewSet' should either include a `serializer_class` attribute, or override the `get_serializer_class()` method.
